F                                                                        [100%]
=================================== FAILURES ===================================
________________ DDPMSchedulerTest.test_empty_custom_timesteps _________________

self = <tests.schedulers.test_scheduler_ddpm.DDPMSchedulerTest testMethod=test_empty_custom_timesteps>

    def test_empty_custom_timesteps(self):
        for scheduler_class in (DDPMScheduler, DDPMParallelScheduler):
            scheduler = scheduler_class(**self.get_scheduler_config())
            with self.assertRaisesRegex(ValueError, "timesteps.*empty"):
>               scheduler.set_timesteps(timesteps=[])

tests/schedulers/test_scheduler_ddpm.py:163: 
_ _ _ _ _ _ _ _ _ _ _ _ _ _ _ _ _ _ _ _ _ _ _ _ _ _ _ _ _ _ _ _ _ _ _ _ _ _ _ _ 

    def set_timesteps(
        self,
        num_inference_steps: int = None,
        device: str | torch.device = None,
        timesteps: list[int] | None = None,
    ):
        """
        Sets the discrete timesteps used for the diffusion chain (to be run before inference).
    
        Args:
            num_inference_steps (`int`, *optional*):
                The number of diffusion steps used when generating samples with a pre-trained model. If used,
                `timesteps` must be `None`.
            device (`str` or `torch.device`, *optional*):
                The device to which the timesteps should be moved to. If `None`, the timesteps are not moved.
            timesteps (`list[int]`, *optional*):
                Custom timesteps used to support arbitrary spacing between timesteps. If `None`, then the default
                timestep spacing strategy of equal spacing between timesteps is used. If `timesteps` is passed,
                `num_inference_steps` must be `None`.
    
        """
        if num_inference_steps is not None and timesteps is not None:
            raise ValueError("Can only pass one of `num_inference_steps` or `custom_timesteps`.")
    
        if timesteps is not None:
            for i in range(1, len(timesteps)):
                if timesteps[i] >= timesteps[i - 1]:
                    raise ValueError("`custom_timesteps` must be in descending order.")
    
>           if timesteps[0] >= self.config.num_train_timesteps:
E           IndexError: list index out of range

src/diffusers/schedulers/scheduling_ddpm.py:303: IndexError
- generated xml file: /workspace/scratch/306c018f6a72/rereview-integration/.ramp/empty-timesteps/runs/20260923T113012350472Z/regression.xml -
=========================== short test summary info ============================
FAILED tests/schedulers/test_scheduler_ddpm.py::DDPMSchedulerTest::test_empty_custom_timesteps
1 failed in 1.32s
