Looking in indexes: https://download.pytorch.org/whl/cpu
Collecting torch==2.7.1+cpu
  Using cached https://download-r2.pytorch.org/whl/cpu/torch-2.7.1%2Bcpu-cp312-cp312-manylinux_2_28_x86_64.whl.metadata (27 kB)
Collecting filelock (from torch==2.7.1+cpu)
  Using cached filelock-3.32.3-py3-none-any.whl.metadata (2.0 kB)
Collecting typing-extensions>=4.10.0 (from torch==2.7.1+cpu)
  Using cached typing_extensions-4.16.0-py3-none-any.whl.metadata (3.3 kB)
Collecting setuptools (from torch==2.7.1+cpu)
  Using cached https://download.pytorch.org/whl/setuptools-78.1.0-py3-none-any.whl.metadata (6.6 kB)
Collecting sympy>=1.13.3 (from torch==2.7.1+cpu)
  Using cached sympy-1.14.0-py3-none-any.whl.metadata (12 kB)
Collecting networkx (from torch==2.7.1+cpu)
  Using cached networkx-3.6.1-py3-none-any.whl.metadata (6.8 kB)
Collecting jinja2 (from torch==2.7.1+cpu)
  Using cached https://download.pytorch.org/whl/jinja2-3.1.6-py3-none-any.whl.metadata (2.9 kB)
Collecting fsspec (from torch==2.7.1+cpu)
  Using cached fsspec-2026.7.0-py3-none-any.whl.metadata (10 kB)
Collecting mpmath<1.4,>=1.1.0 (from sympy>=1.13.3->torch==2.7.1+cpu)
  Using cached mpmath-1.3.0-py3-none-any.whl.metadata (8.6 kB)
Collecting MarkupSafe>=2.0 (from jinja2->torch==2.7.1+cpu)
  Using cached https://download.pytorch.org/whl/markupsafe-3.0.3-cp312-cp312-manylinux2014_x86_64.manylinux_2_17_x86_64.manylinux_2_28_x86_64.whl.metadata (2.7 kB)
Using cached https://download-r2.pytorch.org/whl/cpu/torch-2.7.1%2Bcpu-cp312-cp312-manylinux_2_28_x86_64.whl (175.8 MB)
Using cached sympy-1.14.0-py3-none-any.whl (6.3 MB)
Using cached typing_extensions-4.16.0-py3-none-any.whl (45 kB)
Using cached filelock-3.32.3-py3-none-any.whl (98 kB)
Using cached fsspec-2026.7.0-py3-none-any.whl (206 kB)
Using cached https://download.pytorch.org/whl/jinja2-3.1.6-py3-none-any.whl (134 kB)
Using cached networkx-3.6.1-py3-none-any.whl (2.1 MB)
Using cached https://download.pytorch.org/whl/setuptools-78.1.0-py3-none-any.whl (1.3 MB)
Using cached https://download.pytorch.org/whl/markupsafe-3.0.3-cp312-cp312-manylinux2014_x86_64.manylinux_2_17_x86_64.manylinux_2_28_x86_64.whl (22 kB)
Using cached mpmath-1.3.0-py3-none-any.whl (536 kB)
Installing collected packages: mpmath, typing-extensions, sympy, setuptools, networkx, MarkupSafe, fsspec, filelock, jinja2, torch
Successfully installed MarkupSafe-3.0.3 filelock-3.32.3 fsspec-2026.7.0 jinja2-3.1.6 mpmath-1.3.0 networkx-3.6.1 setuptools-78.1.0 sympy-1.14.0 torch-2.7.1+cpu typing-extensions-4.16.0
Collecting anyio==4.15.1 (from -r /workspace/scratch/306c018f6a72/review-integration-final/.ramp-kit/runtime/requirements.txt (line 2))
  Using cached anyio-4.15.1-py3-none-any.whl.metadata (4.7 kB)
Collecting attrs==26.1.0 (from -r /workspace/scratch/306c018f6a72/review-integration-final/.ramp-kit/runtime/requirements.txt (line 3))
  Using cached attrs-26.1.0-py3-none-any.whl.metadata (8.8 kB)
Collecting black==26.5.1 (from -r /workspace/scratch/306c018f6a72/review-integration-final/.ramp-kit/runtime/requirements.txt (line 4))
  Using cached black-26.5.1-cp312-cp312-manylinux2014_x86_64.manylinux_2_17_x86_64.manylinux_2_28_x86_64.whl.metadata (95 kB)
Collecting certifi==2026.7.22 (from -r /workspace/scratch/306c018f6a72/review-integration-final/.ramp-kit/runtime/requirements.txt (line 5))
  Using cached certifi-2026.7.22-py3-none-any.whl.metadata (2.5 kB)
Collecting charset-normalizer==3.5.1 (from -r /workspace/scratch/306c018f6a72/review-integration-final/.ramp-kit/runtime/requirements.txt (line 6))
  Using cached charset_normalizer-3.5.1-cp312-cp312-manylinux2014_x86_64.manylinux_2_17_x86_64.manylinux_2_28_x86_64.whl.metadata (45 kB)
Collecting click==8.5.0 (from -r /workspace/scratch/306c018f6a72/review-integration-final/.ramp-kit/runtime/requirements.txt (line 7))
  Using cached click-8.5.0-py3-none-any.whl.metadata (2.6 kB)
Collecting fastjsonschema==2.22.2 (from -r /workspace/scratch/306c018f6a72/review-integration-final/.ramp-kit/runtime/requirements.txt (line 8))
  Using cached fastjsonschema-2.22.2-py3-none-any.whl.metadata (2.1 kB)
Requirement already satisfied: filelock==3.32.3 in ./.ramp-venv/lib/python3.12/site-packages (from -r /workspace/scratch/306c018f6a72/review-integration-final/.ramp-kit/runtime/requirements.txt (line 9)) (3.32.3)
Requirement already satisfied: fsspec==2026.7.0 in ./.ramp-venv/lib/python3.12/site-packages (from -r /workspace/scratch/306c018f6a72/review-integration-final/.ramp-kit/runtime/requirements.txt (line 10)) (2026.7.0)
Collecting gitdb==4.0.12 (from -r /workspace/scratch/306c018f6a72/review-integration-final/.ramp-kit/runtime/requirements.txt (line 11))
  Using cached gitdb-4.0.12-py3-none-any.whl.metadata (1.2 kB)
Collecting GitPython==3.1.62 (from -r /workspace/scratch/306c018f6a72/review-integration-final/.ramp-kit/runtime/requirements.txt (line 12))
  Using cached gitpython-3.1.62-py3-none-any.whl.metadata (13 kB)
Collecting h11==0.16.0 (from -r /workspace/scratch/306c018f6a72/review-integration-final/.ramp-kit/runtime/requirements.txt (line 13))
  Using cached h11-0.16.0-py3-none-any.whl.metadata (8.3 kB)
Collecting hf-doc-builder==0.5.0 (from -r /workspace/scratch/306c018f6a72/review-integration-final/.ramp-kit/runtime/requirements.txt (line 14))
  Using cached hf_doc_builder-0.5.0-py3-none-any.whl.metadata (28 kB)
Collecting hf-xet==1.6.0 (from -r /workspace/scratch/306c018f6a72/review-integration-final/.ramp-kit/runtime/requirements.txt (line 15))
  Using cached hf_xet-1.6.0-cp38-abi3-manylinux2014_x86_64.manylinux_2_17_x86_64.whl.metadata (4.9 kB)
Collecting httpcore==1.0.9 (from -r /workspace/scratch/306c018f6a72/review-integration-final/.ramp-kit/runtime/requirements.txt (line 16))
  Using cached httpcore-1.0.9-py3-none-any.whl.metadata (21 kB)
Collecting httpx==0.28.1 (from -r /workspace/scratch/306c018f6a72/review-integration-final/.ramp-kit/runtime/requirements.txt (line 17))
  Using cached httpx-0.28.1-py3-none-any.whl.metadata (7.1 kB)
Collecting huggingface_hub==1.32.0 (from -r /workspace/scratch/306c018f6a72/review-integration-final/.ramp-kit/runtime/requirements.txt (line 18))
  Using cached huggingface_hub-1.32.0-py3-none-any.whl.metadata (16 kB)
Collecting idna==3.20 (from -r /workspace/scratch/306c018f6a72/review-integration-final/.ramp-kit/runtime/requirements.txt (line 19))
  Using cached idna-3.20-py3-none-any.whl.metadata (7.2 kB)
Collecting importlib_metadata==9.0.1 (from -r /workspace/scratch/306c018f6a72/review-integration-final/.ramp-kit/runtime/requirements.txt (line 20))
  Using cached importlib_metadata-9.0.1-py3-none-any.whl.metadata (4.5 kB)
Collecting iniconfig==2.3.0 (from -r /workspace/scratch/306c018f6a72/review-integration-final/.ramp-kit/runtime/requirements.txt (line 21))
  Using cached iniconfig-2.3.0-py3-none-any.whl.metadata (2.5 kB)
Collecting isort==9.0.1 (from -r /workspace/scratch/306c018f6a72/review-integration-final/.ramp-kit/runtime/requirements.txt (line 22))
  Using cached isort-9.0.1-cp312-cp312-manylinux2014_x86_64.manylinux_2_17_x86_64.manylinux_2_28_x86_64.whl.metadata (11 kB)
Requirement already satisfied: Jinja2==3.1.6 in ./.ramp-venv/lib/python3.12/site-packages (from -r /workspace/scratch/306c018f6a72/review-integration-final/.ramp-kit/runtime/requirements.txt (line 23)) (3.1.6)
Collecting jsonschema==4.26.0 (from -r /workspace/scratch/306c018f6a72/review-integration-final/.ramp-kit/runtime/requirements.txt (line 24))
  Using cached jsonschema-4.26.0-py3-none-any.whl.metadata (7.6 kB)
Collecting jsonschema-specifications==2025.9.1 (from -r /workspace/scratch/306c018f6a72/review-integration-final/.ramp-kit/runtime/requirements.txt (line 25))
  Using cached jsonschema_specifications-2025.9.1-py3-none-any.whl.metadata (2.9 kB)
Collecting jupyter_core==5.9.1 (from -r /workspace/scratch/306c018f6a72/review-integration-final/.ramp-kit/runtime/requirements.txt (line 26))
  Using cached jupyter_core-5.9.1-py3-none-any.whl.metadata (1.5 kB)
Requirement already satisfied: MarkupSafe==3.0.3 in ./.ramp-venv/lib/python3.12/site-packages (from -r /workspace/scratch/306c018f6a72/review-integration-final/.ramp-kit/runtime/requirements.txt (line 27)) (3.0.3)
Requirement already satisfied: mpmath==1.3.0 in ./.ramp-venv/lib/python3.12/site-packages (from -r /workspace/scratch/306c018f6a72/review-integration-final/.ramp-kit/runtime/requirements.txt (line 28)) (1.3.0)
Collecting mypy_extensions==1.1.0 (from -r /workspace/scratch/306c018f6a72/review-integration-final/.ramp-kit/runtime/requirements.txt (line 29))
  Using cached mypy_extensions-1.1.0-py3-none-any.whl.metadata (1.1 kB)
Collecting nbformat==5.11.1 (from -r /workspace/scratch/306c018f6a72/review-integration-final/.ramp-kit/runtime/requirements.txt (line 30))
  Using cached nbformat-5.11.1-py3-none-any.whl.metadata (3.7 kB)
Requirement already satisfied: networkx==3.6.1 in ./.ramp-venv/lib/python3.12/site-packages (from -r /workspace/scratch/306c018f6a72/review-integration-final/.ramp-kit/runtime/requirements.txt (line 31)) (3.6.1)
Collecting numpy==2.4.6 (from -r /workspace/scratch/306c018f6a72/review-integration-final/.ramp-kit/runtime/requirements.txt (line 32))
  Using cached numpy-2.4.6-cp312-cp312-manylinux_2_27_x86_64.manylinux_2_28_x86_64.whl.metadata (6.6 kB)
Collecting packaging==26.3 (from -r /workspace/scratch/306c018f6a72/review-integration-final/.ramp-kit/runtime/requirements.txt (line 33))
  Using cached packaging-26.3-py3-none-any.whl.metadata (3.5 kB)
Collecting parameterized==0.9.0 (from -r /workspace/scratch/306c018f6a72/review-integration-final/.ramp-kit/runtime/requirements.txt (line 34))
  Using cached parameterized-0.9.0-py2.py3-none-any.whl.metadata (18 kB)
Collecting pathspec==1.1.1 (from -r /workspace/scratch/306c018f6a72/review-integration-final/.ramp-kit/runtime/requirements.txt (line 35))
  Using cached pathspec-1.1.1-py3-none-any.whl.metadata (14 kB)
Collecting pillow==12.3.0 (from -r /workspace/scratch/306c018f6a72/review-integration-final/.ramp-kit/runtime/requirements.txt (line 36))
  Using cached pillow-12.3.0-cp312-cp312-manylinux_2_27_x86_64.manylinux_2_28_x86_64.whl.metadata (9.1 kB)
Collecting platformdirs==4.11.12 (from -r /workspace/scratch/306c018f6a72/review-integration-final/.ramp-kit/runtime/requirements.txt (line 37))
  Using cached platformdirs-4.11.12-py3-none-any.whl.metadata (5.5 kB)
Collecting pluggy==1.6.0 (from -r /workspace/scratch/306c018f6a72/review-integration-final/.ramp-kit/runtime/requirements.txt (line 38))
  Using cached pluggy-1.6.0-py3-none-any.whl.metadata (4.8 kB)
Collecting pytest==8.3.5 (from -r /workspace/scratch/306c018f6a72/review-integration-final/.ramp-kit/runtime/requirements.txt (line 39))
  Using cached pytest-8.3.5-py3-none-any.whl.metadata (7.6 kB)
Collecting pytokens==0.4.1 (from -r /workspace/scratch/306c018f6a72/review-integration-final/.ramp-kit/runtime/requirements.txt (line 40))
  Using cached pytokens-0.4.1-cp312-cp312-manylinux2014_x86_64.manylinux_2_17_x86_64.manylinux_2_28_x86_64.whl.metadata (3.8 kB)
Collecting PyYAML==6.0.3 (from -r /workspace/scratch/306c018f6a72/review-integration-final/.ramp-kit/runtime/requirements.txt (line 41))
  Using cached pyyaml-6.0.3-cp312-cp312-manylinux2014_x86_64.manylinux_2_17_x86_64.manylinux_2_28_x86_64.whl.metadata (2.4 kB)
Collecting referencing==0.37.0 (from -r /workspace/scratch/306c018f6a72/review-integration-final/.ramp-kit/runtime/requirements.txt (line 42))
  Using cached referencing-0.37.0-py3-none-any.whl.metadata (2.8 kB)
Collecting regex==2026.9.10 (from -r /workspace/scratch/306c018f6a72/review-integration-final/.ramp-kit/runtime/requirements.txt (line 43))
  Using cached regex-2026.9.10-cp312-cp312-manylinux2014_x86_64.manylinux_2_17_x86_64.manylinux_2_28_x86_64.whl.metadata (40 kB)
Collecting requests==2.34.2 (from -r /workspace/scratch/306c018f6a72/review-integration-final/.ramp-kit/runtime/requirements.txt (line 44))
  Using cached requests-2.34.2-py3-none-any.whl.metadata (4.8 kB)
Collecting rpds-py==2026.6.3 (from -r /workspace/scratch/306c018f6a72/review-integration-final/.ramp-kit/runtime/requirements.txt (line 45))
  Using cached rpds_py-2026.6.3-cp312-cp312-manylinux_2_17_x86_64.manylinux2014_x86_64.whl.metadata (4.1 kB)
Collecting ruff==0.9.10 (from -r /workspace/scratch/306c018f6a72/review-integration-final/.ramp-kit/runtime/requirements.txt (line 46))
  Using cached ruff-0.9.10-py3-none-manylinux_2_17_x86_64.manylinux2014_x86_64.whl.metadata (25 kB)
Collecting safetensors==0.8.0 (from -r /workspace/scratch/306c018f6a72/review-integration-final/.ramp-kit/runtime/requirements.txt (line 47))
  Using cached safetensors-0.8.0-cp310-abi3-manylinux_2_17_x86_64.manylinux2014_x86_64.whl.metadata (4.2 kB)
Collecting scipy==1.15.3 (from -r /workspace/scratch/306c018f6a72/review-integration-final/.ramp-kit/runtime/requirements.txt (line 48))
  Using cached scipy-1.15.3-cp312-cp312-manylinux_2_17_x86_64.manylinux2014_x86_64.whl.metadata (61 kB)
Requirement already satisfied: setuptools==78.1.0 in ./.ramp-venv/lib/python3.12/site-packages (from -r /workspace/scratch/306c018f6a72/review-integration-final/.ramp-kit/runtime/requirements.txt (line 49)) (78.1.0)
Collecting smmap==5.0.3 (from -r /workspace/scratch/306c018f6a72/review-integration-final/.ramp-kit/runtime/requirements.txt (line 50))
  Using cached smmap-5.0.3-py3-none-any.whl.metadata (4.6 kB)
Requirement already satisfied: sympy==1.14.0 in ./.ramp-venv/lib/python3.12/site-packages (from -r /workspace/scratch/306c018f6a72/review-integration-final/.ramp-kit/runtime/requirements.txt (line 51)) (1.14.0)
Collecting torchsde==0.2.6 (from -r /workspace/scratch/306c018f6a72/review-integration-final/.ramp-kit/runtime/requirements.txt (line 52))
  Using cached torchsde-0.2.6-py3-none-any.whl.metadata (5.3 kB)
Collecting tqdm==4.70.1 (from -r /workspace/scratch/306c018f6a72/review-integration-final/.ramp-kit/runtime/requirements.txt (line 53))
  Using cached tqdm-4.70.1-py3-none-any.whl.metadata (57 kB)
Collecting traitlets==5.16.1 (from -r /workspace/scratch/306c018f6a72/review-integration-final/.ramp-kit/runtime/requirements.txt (line 54))
  Using cached traitlets-5.16.1-py3-none-any.whl.metadata (10 kB)
Collecting trampoline==0.1.2 (from -r /workspace/scratch/306c018f6a72/review-integration-final/.ramp-kit/runtime/requirements.txt (line 55))
  Using cached trampoline-0.1.2-py3-none-any.whl.metadata (10 kB)
Requirement already satisfied: typing_extensions==4.16.0 in ./.ramp-venv/lib/python3.12/site-packages (from -r /workspace/scratch/306c018f6a72/review-integration-final/.ramp-kit/runtime/requirements.txt (line 56)) (4.16.0)
Collecting urllib3==1.26.20 (from -r /workspace/scratch/306c018f6a72/review-integration-final/.ramp-kit/runtime/requirements.txt (line 57))
  Using cached urllib3-1.26.20-py2.py3-none-any.whl.metadata (50 kB)
Collecting wheel==0.45.1 (from -r /workspace/scratch/306c018f6a72/review-integration-final/.ramp-kit/runtime/requirements.txt (line 58))
  Using cached wheel-0.45.1-py3-none-any.whl.metadata (2.3 kB)
Collecting zipp==4.1.0 (from -r /workspace/scratch/306c018f6a72/review-integration-final/.ramp-kit/runtime/requirements.txt (line 59))
  Using cached zipp-4.1.0-py3-none-any.whl.metadata (3.6 kB)
Requirement already satisfied: torch>=1.6.0 in ./.ramp-venv/lib/python3.12/site-packages (from torchsde==0.2.6->-r /workspace/scratch/306c018f6a72/review-integration-final/.ramp-kit/runtime/requirements.txt (line 52)) (2.7.1+cpu)
Using cached anyio-4.15.1-py3-none-any.whl (132 kB)
Using cached attrs-26.1.0-py3-none-any.whl (67 kB)
Using cached black-26.5.1-cp312-cp312-manylinux2014_x86_64.manylinux_2_17_x86_64.manylinux_2_28_x86_64.whl (1.9 MB)
Using cached certifi-2026.7.22-py3-none-any.whl (136 kB)
Using cached charset_normalizer-3.5.1-cp312-cp312-manylinux2014_x86_64.manylinux_2_17_x86_64.manylinux_2_28_x86_64.whl (248 kB)
Using cached click-8.5.0-py3-none-any.whl (125 kB)
Using cached fastjsonschema-2.22.2-py3-none-any.whl (27 kB)
Using cached gitdb-4.0.12-py3-none-any.whl (62 kB)
Using cached gitpython-3.1.62-py3-none-any.whl (222 kB)
Using cached h11-0.16.0-py3-none-any.whl (37 kB)
Using cached hf_doc_builder-0.5.0-py3-none-any.whl (67 kB)
Using cached hf_xet-1.6.0-cp38-abi3-manylinux2014_x86_64.manylinux_2_17_x86_64.whl (4.5 MB)
Using cached httpcore-1.0.9-py3-none-any.whl (78 kB)
Using cached httpx-0.28.1-py3-none-any.whl (73 kB)
Using cached huggingface_hub-1.32.0-py3-none-any.whl (842 kB)
Using cached idna-3.20-py3-none-any.whl (69 kB)
Using cached importlib_metadata-9.0.1-py3-none-any.whl (27 kB)
Using cached iniconfig-2.3.0-py3-none-any.whl (7.5 kB)
Using cached isort-9.0.1-cp312-cp312-manylinux2014_x86_64.manylinux_2_17_x86_64.manylinux_2_28_x86_64.whl (1.7 MB)
Using cached jsonschema-4.26.0-py3-none-any.whl (90 kB)
Using cached jsonschema_specifications-2025.9.1-py3-none-any.whl (18 kB)
Using cached jupyter_core-5.9.1-py3-none-any.whl (29 kB)
Using cached mypy_extensions-1.1.0-py3-none-any.whl (5.0 kB)
Using cached nbformat-5.11.1-py3-none-any.whl (79 kB)
Using cached numpy-2.4.6-cp312-cp312-manylinux_2_27_x86_64.manylinux_2_28_x86_64.whl (16.6 MB)
Using cached packaging-26.3-py3-none-any.whl (129 kB)
Using cached parameterized-0.9.0-py2.py3-none-any.whl (20 kB)
Using cached pathspec-1.1.1-py3-none-any.whl (57 kB)
Using cached pillow-12.3.0-cp312-cp312-manylinux_2_27_x86_64.manylinux_2_28_x86_64.whl (6.9 MB)
Using cached platformdirs-4.11.12-py3-none-any.whl (24 kB)
Using cached pluggy-1.6.0-py3-none-any.whl (20 kB)
Using cached pytest-8.3.5-py3-none-any.whl (343 kB)
Using cached pytokens-0.4.1-cp312-cp312-manylinux2014_x86_64.manylinux_2_17_x86_64.manylinux_2_28_x86_64.whl (269 kB)
Using cached pyyaml-6.0.3-cp312-cp312-manylinux2014_x86_64.manylinux_2_17_x86_64.manylinux_2_28_x86_64.whl (807 kB)
Using cached referencing-0.37.0-py3-none-any.whl (26 kB)
Using cached regex-2026.9.10-cp312-cp312-manylinux2014_x86_64.manylinux_2_17_x86_64.manylinux_2_28_x86_64.whl (804 kB)
Using cached requests-2.34.2-py3-none-any.whl (73 kB)
Using cached rpds_py-2026.6.3-cp312-cp312-manylinux_2_17_x86_64.manylinux2014_x86_64.whl (366 kB)
Using cached ruff-0.9.10-py3-none-manylinux_2_17_x86_64.manylinux2014_x86_64.whl (11.3 MB)
Using cached safetensors-0.8.0-cp310-abi3-manylinux_2_17_x86_64.manylinux2014_x86_64.whl (516 kB)
Using cached scipy-1.15.3-cp312-cp312-manylinux_2_17_x86_64.manylinux2014_x86_64.whl (37.3 MB)
Using cached smmap-5.0.3-py3-none-any.whl (24 kB)
Using cached torchsde-0.2.6-py3-none-any.whl (61 kB)
Using cached tqdm-4.70.1-py3-none-any.whl (80 kB)
Using cached traitlets-5.16.1-py3-none-any.whl (86 kB)
Using cached trampoline-0.1.2-py3-none-any.whl (5.2 kB)
Using cached urllib3-1.26.20-py2.py3-none-any.whl (144 kB)
Using cached wheel-0.45.1-py3-none-any.whl (72 kB)
Using cached zipp-4.1.0-py3-none-any.whl (10 kB)
Installing collected packages: trampoline, zipp, wheel, urllib3, traitlets, tqdm, smmap, safetensors, ruff, rpds-py, regex, PyYAML, pytokens, pluggy, platformdirs, pillow, pathspec, parameterized, packaging, numpy, mypy_extensions, iniconfig, idna, hf-xet, h11, fastjsonschema, click, charset-normalizer, certifi, attrs, scipy, requests, referencing, pytest, jupyter_core, isort, importlib_metadata, httpcore, gitdb, black, anyio, torchsde, jsonschema-specifications, httpx, GitPython, jsonschema, huggingface_hub, nbformat, hf-doc-builder
Successfully installed GitPython-3.1.62 PyYAML-6.0.3 anyio-4.15.1 attrs-26.1.0 black-26.5.1 certifi-2026.7.22 charset-normalizer-3.5.1 click-8.5.0 fastjsonschema-2.22.2 gitdb-4.0.12 h11-0.16.0 hf-doc-builder-0.5.0 hf-xet-1.6.0 httpcore-1.0.9 httpx-0.28.1 huggingface_hub-1.32.0 idna-3.20 importlib_metadata-9.0.1 iniconfig-2.3.0 isort-9.0.1 jsonschema-4.26.0 jsonschema-specifications-2025.9.1 jupyter_core-5.9.1 mypy_extensions-1.1.0 nbformat-5.11.1 numpy-2.4.6 packaging-26.3 parameterized-0.9.0 pathspec-1.1.1 pillow-12.3.0 platformdirs-4.11.12 pluggy-1.6.0 pytest-8.3.5 pytokens-0.4.1 referencing-0.37.0 regex-2026.9.10 requests-2.34.2 rpds-py-2026.6.3 ruff-0.9.10 safetensors-0.8.0 scipy-1.15.3 smmap-5.0.3 torchsde-0.2.6 tqdm-4.70.1 traitlets-5.16.1 trampoline-0.1.2 urllib3-1.26.20 wheel-0.45.1 zipp-4.1.0
Obtaining file:///workspace/scratch/306c018f6a72/review-integration-final
  Checking if build backend supports build_editable: started
  Checking if build backend supports build_editable: finished with status 'done'
  Preparing editable metadata (pyproject.toml): started
  Preparing editable metadata (pyproject.toml): finished with status 'done'
Building wheels for collected packages: diffusers
  Building editable for diffusers (pyproject.toml): started
  Building editable for diffusers (pyproject.toml): finished with status 'done'
  Created wheel for diffusers: filename=diffusers-0.41.0.dev0-0.editable-py3-none-any.whl size=11514 sha256=e46b810b41d494cecae5cd7456eeb73513eaa6da27e858363aa3f28bfc3c1d61
  Stored in directory: /tmp/pip-ephem-wheel-cache-ej43d9z8/wheels/0c/e6/de/0f63840bcc81aa00f8761c0275331ce038ec8a5aca23110eb9
Successfully built diffusers
Installing collected packages: diffusers
Successfully installed diffusers-0.41.0.dev0
2.7.1+cpu

[notice] A new release of pip is available: 25.0.1 -> 26.2.1
[notice] To update, run: python -m pip install --upgrade pip
